// Vitest Snapshot v1

exports[`useOutlet > when there is a child route > returns an element 1`] = `"<p>Profile</p>"`;

exports[`useOutlet when there is a child route returns an element 1`] = `"<p>Profile</p>"`;
